Verbosity level can be increased via `-v, -vv, or -vvv` option
Collected 9 tests

Processing test_battery_native in native environment
--------------------------------------------------------------------------------
Building...
Testing...
test\test_battery_native\test_battery.cpp:122: test_full_charge	[PASSED]
test\test_battery_native\test_battery.cpp:123: test_above_full_clamped	[PASSED]
test\test_battery_native\test_battery.cpp:124: test_dead_battery	[PASSED]
test\test_battery_native\test_battery.cpp:125: test_below_dead_clamped	[PASSED]
test\test_battery_native\test_battery.cpp:126: test_midpoint_50pct	[PASSED]
test\test_battery_native\test_battery.cpp:127: test_exact_table_entry_97	[PASSED]
test\test_battery_native\test_battery.cpp:128: test_exact_table_entry_65	[PASSED]
test\test_battery_native\test_battery.cpp:129: test_exact_table_entry_7	[PASSED]
test\test_battery_native\test_battery.cpp:130: test_all_outputs_in_range	[PASSED]
test\test_battery_native\test_battery.cpp:131: test_monotone_increasing	[PASSED]
test\test_battery_native\test_battery.cpp:132: test_interpolation_between_entries	[PASSED]
------------ native:test_battery_native [PASSED] Took 0.82 seconds ------------

Processing test_csv_schema_native in native environment
--------------------------------------------------------------------------------
Building...
Testing...
test\test_csv_schema_native\test_csv_schema.cpp:261: test_min_valid_ts_exact	[PASSED]
test\test_csv_schema_native\test_csv_schema.cpp:262: test_one_ms_below_boundary_rejected	[PASSED]
test\test_csv_schema_native\test_csv_schema.cpp:263: test_millis_since_boot_rejected	[PASSED]
test\test_csv_schema_native\test_csv_schema.cpp:264: test_realistic_2026_timestamp	[PASSED]
test\test_csv_schema_native\test_csv_schema.cpp:265: test_year_2020_start_accepted	[PASSED]
test\test_csv_schema_native\test_csv_schema.cpp:266: test_far_future_accepted	[PASSED]
test\test_csv_schema_native\test_csv_schema.cpp:268: test_v080_header_has_12_fields	[PASSED]
test\test_csv_schema_native\test_csv_schema.cpp:269: test_v080_full_data_row_has_12_fields	[PASSED]
test\test_csv_schema_native\test_csv_schema.cpp:270: test_v080_event_row_has_12_fields	[PASSED]
test\test_csv_schema_native\test_csv_schema.cpp:271: test_v080_accuracy_field_extraction	[PASSED]
test\test_csv_schema_native\test_csv_schema.cpp:272: test_v070_header_has_11_fields	[PASSED]
test\test_csv_schema_native\test_csv_schema.cpp:273: test_v070_full_data_row_has_11_fields	[PASSED]
test\test_csv_schema_native\test_csv_schema.cpp:274: test_v070_event_row_has_11_fields	[PASSED]
test\test_csv_schema_native\test_csv_schema.cpp:275: test_v070_event_row_tag_extraction	[PASSED]
test\test_csv_schema_native\test_csv_schema.cpp:276: test_v030_header_has_10_fields	[PASSED]
test\test_csv_schema_native\test_csv_schema.cpp:277: test_v030_full_data_row_has_10_fields	[PASSED]
test\test_csv_schema_native\test_csv_schema.cpp:278: test_v030_sparse_row_still_10_fields	[PASSED]
test\test_csv_schema_native\test_csv_schema.cpp:279: test_v030_all_optional_empty_still_10_fields	[PASSED]
test\test_csv_schema_native\test_csv_schema.cpp:280: test_pre_v030_old_6col_row	[PASSED]
test\test_csv_schema_native\test_csv_schema.cpp:282: test_get_field_0_is_timestamp	[PASSED]
test\test_csv_schema_native\test_csv_schema.cpp:283: test_get_field_5_is_device_id	[PASSED]
test\test_csv_schema_native\test_csv_schema.cpp:284: test_get_field_empty_optional	[PASSED]
test\test_csv_schema_native\test_csv_schema.cpp:285: test_get_field_out_of_bounds	[PASSED]
----------- native:test_csv_schema_native [PASSED] Took 0.76 seconds -----------

Processing test_dose_persistence_native in native environment
--------------------------------------------------------------------------------
Building...
Testing...
test\test_dose_persistence_native\test_dose_persistence.cpp:101: test_no_change_no_save	[PASSED]
test\test_dose_persistence_native\test_dose_persistence.cpp:102: test_tiny_change_no_save	[PASSED]
test\test_dose_persistence_native\test_dose_persistence.cpp:103: test_at_threshold_saves	[PASSED]
test\test_dose_persistence_native\test_dose_persistence.cpp:104: test_above_threshold_saves	[PASSED]
test\test_dose_persistence_native\test_dose_persistence.cpp:105: test_negative_delta_uses_abs	[PASSED]
test\test_dose_persistence_native\test_dose_persistence.cpp:106: test_max_interval_forces_save_even_without_delta	[PASSED]
test\test_dose_persistence_native\test_dose_persistence.cpp:107: test_under_max_interval_and_under_delta_no_save	[PASSED]
test\test_dose_persistence_native\test_dose_persistence.cpp:108: test_zero_threshold_always_saves_on_any_change	[PASSED]
test\test_dose_persistence_native\test_dose_persistence.cpp:109: test_typical_idle_pattern	[PASSED]
-------- native:test_dose_persistence_native [PASSED] Took 0.76 seconds --------

Processing test_gps_transition_native in native environment
--------------------------------------------------------------------------------
Building...
Testing...
test\test_gps_transition_native\test_gps_transition.cpp:141: test_first_call_no_fix_emits_nothing	[PASSED]
test\test_gps_transition_native\test_gps_transition.cpp:142: test_first_call_with_fix_emits_nothing	[PASSED]
test\test_gps_transition_native\test_gps_transition.cpp:143: test_steady_no_fix_emits_nothing	[PASSED]
test\test_gps_transition_native\test_gps_transition.cpp:144: test_steady_with_fix_emits_nothing	[PASSED]
test\test_gps_transition_native\test_gps_transition.cpp:145: test_lose_fix_emits_gps_lost	[PASSED]
test\test_gps_transition_native\test_gps_transition.cpp:146: test_regain_fix_emits_gps_regained	[PASSED]
test\test_gps_transition_native\test_gps_transition.cpp:147: test_full_sequence_lose_regain_lose	[PASSED]
test\test_gps_transition_native\test_gps_transition.cpp:148: test_boot_without_fix_then_acquire	[PASSED]
test\test_gps_transition_native\test_gps_transition.cpp:149: test_rapid_flap_emits_every_transition	[PASSED]
--------- native:test_gps_transition_native [PASSED] Took 0.76 seconds ---------

Processing test_lifetime_stats_native in native environment
--------------------------------------------------------------------------------
Building...
Testing...
test\test_lifetime_stats_native\test_lifetime_stats.cpp:246: test_haversine_zero_distance	[PASSED]
test\test_lifetime_stats_native\test_lifetime_stats.cpp:247: test_haversine_known_distance	[PASSED]
test\test_lifetime_stats_native\test_lifetime_stats.cpp:248: test_haversine_short_distance	[PASSED]
test\test_lifetime_stats_native\test_lifetime_stats.cpp:249: test_haversine_symmetry	[PASSED]
test\test_lifetime_stats_native\test_lifetime_stats.cpp:251: test_noise_gate_accepts_normal_movement	[PASSED]
test\test_lifetime_stats_native\test_lifetime_stats.cpp:252: test_noise_gate_rejects_gps_jumps	[PASSED]
test\test_lifetime_stats_native\test_lifetime_stats.cpp:254: test_alt_gain_ascending	[PASSED]
test\test_lifetime_stats_native\test_lifetime_stats.cpp:255: test_alt_gain_descending_ignored	[PASSED]
test\test_lifetime_stats_native\test_lifetime_stats.cpp:256: test_alt_gain_flat_ignored	[PASSED]
test\test_lifetime_stats_native\test_lifetime_stats.cpp:257: test_alt_gain_noise_cap_200m	[PASSED]
test\test_lifetime_stats_native\test_lifetime_stats.cpp:259: test_spike_below_threshold	[PASSED]
test\test_lifetime_stats_native\test_lifetime_stats.cpp:260: test_spike_at_threshold	[PASSED]
test\test_lifetime_stats_native\test_lifetime_stats.cpp:261: test_spike_above_threshold	[PASSED]
test\test_lifetime_stats_native\test_lifetime_stats.cpp:263: test_recording_time_normal	[PASSED]
test\test_lifetime_stats_native\test_lifetime_stats.cpp:264: test_recording_time_gap_capped	[PASSED]
test\test_lifetime_stats_native\test_lifetime_stats.cpp:265: test_recording_time_zero_dt	[PASSED]
test\test_lifetime_stats_native\test_lifetime_stats.cpp:267: test_cell_key_same_cell	[PASSED]
test\test_lifetime_stats_native\test_lifetime_stats.cpp:268: test_cell_key_different_cells	[PASSED]
test\test_lifetime_stats_native\test_lifetime_stats.cpp:269: test_cell_key_invalid_coords	[PASSED]
test\test_lifetime_stats_native\test_lifetime_stats.cpp:270: test_cell_key_no_overflow	[PASSED]
test\test_lifetime_stats_native\test_lifetime_stats.cpp:272: test_battery_cycle_full_cycle	[PASSED]
test\test_lifetime_stats_native\test_lifetime_stats.cpp:273: test_battery_no_discharge_no_cycle	[PASSED]
test\test_lifetime_stats_native\test_lifetime_stats.cpp:274: test_battery_partial_discharge_no_cycle	[PASSED]
test\test_lifetime_stats_native\test_lifetime_stats.cpp:275: test_battery_two_cycles	[PASSED]
--------- native:test_lifetime_stats_native [PASSED] Took 0.76 seconds ---------

Processing test_line_count_native in native environment
--------------------------------------------------------------------------------
Building...
Testing...
test\test_line_count_native\test_line_count.cpp:168: test_null_zero_len	[PASSED]
test\test_line_count_native\test_line_count.cpp:169: test_single_newline	[PASSED]
test\test_line_count_native\test_line_count.cpp:170: test_no_newlines	[PASSED]
test\test_line_count_native\test_line_count.cpp:171: test_all_newlines	[PASSED]
test\test_line_count_native\test_line_count.cpp:172: test_header_only_csv	[PASSED]
test\test_line_count_native\test_line_count.cpp:173: test_small_csv_matches_naive	[PASSED]
test\test_line_count_native\test_line_count.cpp:174: test_large_csv_matches_naive	[PASSED]
test\test_line_count_native\test_line_count.cpp:175: test_newline_at_buffer_boundaries	[PASSED]
test\test_line_count_native\test_line_count.cpp:176: test_sample_count_less_header	[PASSED]
test\test_line_count_native\test_line_count.cpp:177: test_very_short_data	[PASSED]
----------- native:test_line_count_native [PASSED] Took 0.76 seconds -----------

Processing test_link_health_native in native environment
--------------------------------------------------------------------------------
Building...
Testing...
test\test_link_health_native\test_link_health.cpp:59: test_no_arming_no_stall	[PASSED]
test\test_link_health_native\test_link_health.cpp:60: test_fresh_reading_no_stall	[PASSED]
test\test_link_health_native\test_link_health.cpp:61: test_at_threshold_not_yet	[PASSED]
test\test_link_health_native\test_link_health.cpp:62: test_just_past_threshold_trips	[PASSED]
test\test_link_health_native\test_link_health.cpp:63: test_long_stall_trips	[PASSED]
test\test_link_health_native\test_link_health.cpp:64: test_wraparound_safe	[PASSED]
test\test_link_health_native\test_link_health.cpp:65: test_threshold_zero_immediate	[PASSED]
---------- native:test_link_health_native [PASSED] Took 0.75 seconds ----------

Processing test_spectrum_native in native environment
--------------------------------------------------------------------------------
Building...
pio : clang++: error: linker command failed with exit code 1120 (use -v to see invocation)
At line:1 char:133
+ ... de-GPS-Recorder ; pio test -e native 2>&1 > .\test_output.txt; Select ...
+                       ~~~~~~~~~~~~~~~~~~~~~~~~~~~~~~~~~~~~~~~~~~~
    + CategoryInfo          : NotSpecified: (clang++: error:...see invocation):String) [], RemoteException
    + FullyQualifiedErrorId : NativeCommandError
 
*** [.pio\build\native\program.exe] Error 1120
Building stage has failed, see errors above. Use `pio test -vvv` option to enable verbose output.
----------- native:test_spectrum_native [ERRORED] Took 0.74 seconds -----------

Processing test_wifi_network_select_native in native environment
--------------------------------------------------------------------------------
Building...
Testing...
test\test_wifi_network_select_native\test_wifi_network_select.cpp:214: test_https_url_detected	[PASSED]
test\test_wifi_network_select_native\test_wifi_network_select.cpp:215: test_http_url_not_https	[PASSED]
test\test_wifi_network_select_native\test_wifi_network_select.cpp:216: test_empty_and_null_not_https	[PASSED]
test\test_wifi_network_select_native\test_wifi_network_select.cpp:219: test_both_creds_present	[PASSED]
test\test_wifi_network_select_native\test_wifi_network_select.cpp:220: test_empty_user_no_auth	[PASSED]
test\test_wifi_network_select_native\test_wifi_network_select.cpp:221: test_empty_pass_no_auth	[PASSED]
test\test_wifi_network_select_native\test_wifi_network_select.cpp:222: test_both_empty_no_auth	[PASSED]
test\test_wifi_network_select_native\test_wifi_network_select.cpp:225: test_enabled_home_only	[PASSED]
test\test_wifi_network_select_native\test_wifi_network_select.cpp:226: test_enabled_remote_only	[PASSED]
test\test_wifi_network_select_native\test_wifi_network_select.cpp:227: test_enabled_both_profiles	[PASSED]
test\test_wifi_network_select_native\test_wifi_network_select.cpp:228: test_disabled_no_profiles	[PASSED]
test\test_wifi_network_select_native\test_wifi_network_select.cpp:229: test_disabled_ssid_without_url	[PASSED]
test\test_wifi_network_select_native\test_wifi_network_select.cpp:230: test_disabled_url_without_ssid	[PASSED]
test\test_wifi_network_select_native\test_wifi_network_select.cpp:231: test_disabled_remote_ssid_without_url	[PASSED]
test\test_wifi_network_select_native\test_wifi_network_select.cpp:234: test_normal_rotation_file_below_threshold	[PASSED]
test\test_wifi_network_select_native\test_wifi_network_select.cpp:235: test_large_offline_file_above_threshold	[PASSED]
test\test_wifi_network_select_native\test_wifi_network_select.cpp:236: test_file_exactly_at_threshold_uses_chunked	[PASSED]
test\test_wifi_network_select_native\test_wifi_network_select.cpp:239: test_chunk_count_empty_file	[PASSED]
test\test_wifi_network_select_native\test_wifi_network_select.cpp:240: test_chunk_count_under_one_chunk	[PASSED]
test\test_wifi_network_select_native\test_wifi_network_select.cpp:241: test_chunk_count_exact_one_chunk	[PASSED]
test\test_wifi_network_select_native\test_wifi_network_select.cpp:242: test_chunk_count_large_file	[PASSED]
test\test_wifi_network_select_native\test_wifi_network_select.cpp:243: test_chunk_count_one_row_overflow	[PASSED]
------ native:test_wifi_network_select_native [PASSED] Took 0.76 seconds ------

=================================== SUMMARY ===================================
Environment    Test                             Status    Duration
-------------  -------------------------------  --------  ------------
native         test_battery_native              PASSED    00:00:00.817
native         test_csv_schema_native           PASSED    00:00:00.760
native         test_dose_persistence_native     PASSED    00:00:00.757
native         test_gps_transition_native       PASSED    00:00:00.757
native         test_lifetime_stats_native       PASSED    00:00:00.763
native         test_line_count_native           PASSED    00:00:00.763
native         test_link_health_native          PASSED    00:00:00.752
native         test_spectrum_native             ERRORED   00:00:00.737
native         test_wifi_network_select_native  PASSED    00:00:00.763
================ 116 test cases: 115 succeeded in 00:00:06.868 ================
